============================= test session starts =============================
platform win32 -- Python 3.11.0, pytest-8.0.2, pluggy-1.6.0
rootdir: C:\Users\Hp\Desktop\Progress\aurum-financial-intelligence\backend
plugins: anyio-4.10.0
collected 0 items

============================ no tests ran in 0.03s ============================
